TierScope 3.3.2 — targeted FILE REPLAY source-label checks

Userscript syntax: PASS (node --check)
11 session-file/window tests: PASS
Session-file/window browser checks: PASS in Chromium 138 and Firefox 153

Verified visible archive room identity during background acquisition; changing
files updates that identity; returning to live hides it and ordinary Replay
clears it. A long valid room name is ellipsized with its full name in the tooltip.
The room label, buttons, and timeline do not overlap; panel geometry is unchanged.
File import on a directory page still shows the source without starting scans.
Session/GIF exports, window selection, and existing file validation checks pass.

The complete suite was not rerun for this presentation-only update.
The previous full-suite baseline is recorded in the development notes.
